// Jest Snapshot v1, https://goo.gl/fbAQLP

exports[`Posts Component should render as expected 1`] = `
<div>
  <Switch>
    <Route
      component={[Function]}
      path="/posts/:slug"
    />
    <Route
      component={[Function]}
      path="/posts"
    />
  </Switch>
</div>
`;
